                      (       sizzle.asm):00001         ; VDG Extrasizzler
                      (       sizzle.asm):00002         ; Go thru all 8 bits of VDG modes and display
                      (       sizzle.asm):00003         ; them with a standard bit pattern
                      (       sizzle.asm):00004         ;
                      (       sizzle.asm):00005         ; tim lindner
                      (       sizzle.asm):00006         ; August 2024
                      (       sizzle.asm):00007         
     A000             (       sizzle.asm):00008         POLCAT equ $a000
                      (       sizzle.asm):00009         
                      (       sizzle.asm):00010             org $6000
6000 00               (       sizzle.asm):00011         bits fcb 0
6001 00               (       sizzle.asm):00012         toggle fcb 0
6002                  (       sizzle.asm):00013         start
6002 0F71             (       sizzle.asm):00014             clr $71 ; force cold start on reset
                      (       sizzle.asm):00015         ; Draw 6K standard pattern starting at $e00
6004 8E0E00           (       sizzle.asm):00016             ldx #$e00
6007 CC0000           (       sizzle.asm):00017             ldd #0
600A                  (       sizzle.asm):00018         loop
600A ED81             (       sizzle.asm):00019             std ,x++
600C E780             (       sizzle.asm):00020             stb ,x+
600E 4C               (       sizzle.asm):00021             inca
600F 8C2600           (       sizzle.asm):00022             cmpx #$e00+(1024*6)
6012 26F6             (       sizzle.asm):00023             bne loop
                      (       sizzle.asm):00024         
                      (       sizzle.asm):00025         ; view menu
6014                  (       sizzle.asm):00026         view_menu
6014 7F6001           (       sizzle.asm):00027             clr toggle
6017 BD609C           (       sizzle.asm):00028             jsr switch_to_menu_view
                      (       sizzle.asm):00029         ; check keyboard
601A                  (       sizzle.asm):00030         menu_loop
601A AD9FA000         (       sizzle.asm):00031             jsr [POLCAT]
601E 27FA             (       sizzle.asm):00032             beq menu_loop
6020 8147             (       sizzle.asm):00033             cmpa #'G
6022 2733             (       sizzle.asm):00034             beq sub_go
6024 8154             (       sizzle.asm):00035             cmpa #'T
6026 2735             (       sizzle.asm):00036             beq sub_toggle
6028 8153             (       sizzle.asm):00037             cmpa #'S
602A 2737             (       sizzle.asm):00038             beq inc_value
602C 8141             (       sizzle.asm):00039             cmpa #'A
602E 273B             (       sizzle.asm):00040             beq dec_value
6030 8138             (       sizzle.asm):00041             cmpa #'8
6032 2F02             (       sizzle.asm):00042             ble sub_number
6034 20E4             (       sizzle.asm):00043             bra menu_loop
                      (       sizzle.asm):00044         
6036                  (       sizzle.asm):00045         sub_number
6036 8131             (       sizzle.asm):00046             cmpa #'1
6038 2C02             (       sizzle.asm):00047             bge continue_number
603A 20DE             (       sizzle.asm):00048             bra menu_loop
603C                  (       sizzle.asm):00049         continue_number
603C 8031             (       sizzle.asm):00050             suba #'1
                      (       sizzle.asm):00051             ; should have the bit position to flip
                      (       sizzle.asm):00052             ; in A
603E C680             (       sizzle.asm):00053             ldb #$80
6040                  (       sizzle.asm):00054         number_loop
6040 4A               (       sizzle.asm):00055             deca
6041 2B03             (       sizzle.asm):00056             bmi found_mask
6043 54               (       sizzle.asm):00057             lsrb
6044 20FA             (       sizzle.asm):00058             bra number_loop
6046                  (       sizzle.asm):00059         found_mask
6046 F86000           (       sizzle.asm):00060             eorb bits
6049 F76000           (       sizzle.asm):00061             stb bits
604C 8D62             (       sizzle.asm):00062             bsr write_bits
                      (       sizzle.asm):00063         ; check view
604E                  (       sizzle.asm):00064         check_view
604E 7D6001           (       sizzle.asm):00065             tst toggle
6051 27C7             (       sizzle.asm):00066             beq menu_loop
6053 8D5E             (       sizzle.asm):00067             bsr switch_to_display_view
6055 20C3             (       sizzle.asm):00068             bra menu_loop
                      (       sizzle.asm):00069             
6057                  (       sizzle.asm):00070         sub_go
6057 BD60E1           (       sizzle.asm):00071             jsr go_view_all
605A 7E6014           (       sizzle.asm):00072             jmp view_menu
                      (       sizzle.asm):00073         
605D                  (       sizzle.asm):00074         sub_toggle
605D BD6073           (       sizzle.asm):00075             jsr view_toggle
6060 7E601A           (       sizzle.asm):00076             jmp menu_loop
                      (       sizzle.asm):00077         
6063                  (       sizzle.asm):00078         inc_value
6063 7C6000           (       sizzle.asm):00079                 inc bits
6066 BD607B           (       sizzle.asm):00080                 jsr update_bits
6069 20E3             (       sizzle.asm):00081                 bra check_view
                      (       sizzle.asm):00082         
606B                  (       sizzle.asm):00083         dec_value
606B 7A6000           (       sizzle.asm):00084                 dec bits
606E BD607B           (       sizzle.asm):00085                 jsr update_bits
6071 20DB             (       sizzle.asm):00086                 bra check_view
                      (       sizzle.asm):00087         
6073                  (       sizzle.asm):00088         view_toggle
6073 13               (       sizzle.asm):00089             sync
6074 736001           (       sizzle.asm):00090             com toggle
6077 2723             (       sizzle.asm):00091             beq switch_to_menu_view
                      (       sizzle.asm):00092             ; change to display
6079 2038             (       sizzle.asm):00093             bra switch_to_display_view
                      (       sizzle.asm):00094         
607B                  (       sizzle.asm):00095         update_bits
                      (       sizzle.asm):00096             ; Write bits to text screen
607B B66000           (       sizzle.asm):00097             lda bits
607E C608             (       sizzle.asm):00098             ldb #8
6080 3406             (       sizzle.asm):00099             pshs a,b
6082 8631             (       sizzle.asm):00100             lda #'1
6084 C630             (       sizzle.asm):00101             ldb #'0
6086 8E0460           (       sizzle.asm):00102             ldx #1120
6089                  (       sizzle.asm):00103         info_loop
6089 6860             (       sizzle.asm):00104             lsl 0,s
608B 2404             (       sizzle.asm):00105             bcc write0
608D                  (       sizzle.asm):00106         write1
608D A784             (       sizzle.asm):00107             sta ,x
608F 2002             (       sizzle.asm):00108             bra written
6091                  (       sizzle.asm):00109         write0
6091 E784             (       sizzle.asm):00110             stb ,x
6093                  (       sizzle.asm):00111         written
6093 308820           (       sizzle.asm):00112             leax 32,x
6096 6A61             (       sizzle.asm):00113             dec 1,s
6098 26EF             (       sizzle.asm):00114             bne info_loop
609A 3586             (       sizzle.asm):00115             puls a,b,pc
                      (       sizzle.asm):00116                 
                      (       sizzle.asm):00117         ; Display bit description
609C                  (       sizzle.asm):00118         switch_to_menu_view
609C                  (       sizzle.asm):00119         info_display
                      (       sizzle.asm):00120             ; set display address to $400
609C B7FFC6           (       sizzle.asm):00121             sta $ffc6
609F B7FFCA           (       sizzle.asm):00122             sta $ffca
                      (       sizzle.asm):00123             ; Set display mode to SG4
60A2 B7FFC0           (       sizzle.asm):00124             sta $ffc0
60A5 B7FFC2           (       sizzle.asm):00125             sta $ffc2
60A8 B7FFC4           (       sizzle.asm):00126             sta $ffc4
60AB 8600             (       sizzle.asm):00127             lda #$0
60AD B7FF22           (       sizzle.asm):00128             sta $ff22
60B0                  (       sizzle.asm):00129         write_bits
60B0 8DC9             (       sizzle.asm):00130                 bsr update_bits
60B2 39               (       sizzle.asm):00131                 rts
                      (       sizzle.asm):00132                 
60B3                  (       sizzle.asm):00133         switch_to_display_view
                      (       sizzle.asm):00134         ; Update SAM
60B3 B66000           (       sizzle.asm):00135             lda bits
60B6                  (       sizzle.asm):00136         do_v2
60B6 48               (       sizzle.asm):00137             lsla
60B7 2405             (       sizzle.asm):00138             bcc v2c
60B9                  (       sizzle.asm):00139         v2s
60B9 B7FFC5           (       sizzle.asm):00140             sta $ffc5
60BC 2003             (       sizzle.asm):00141             bra do_v1
60BE                  (       sizzle.asm):00142         v2c
60BE B7FFC4           (       sizzle.asm):00143             sta $ffc4
60C1                  (       sizzle.asm):00144         do_v1    
60C1 48               (       sizzle.asm):00145             lsla
60C2 2405             (       sizzle.asm):00146             bcc v1c
60C4                  (       sizzle.asm):00147         v1s
60C4 B7FFC3           (       sizzle.asm):00148             sta $ffc3
60C7 2003             (       sizzle.asm):00149             bra do_v0
60C9                  (       sizzle.asm):00150         v1c
60C9 B7FFC2           (       sizzle.asm):00151             sta $ffc2
60CC                  (       sizzle.asm):00152         do_v0
60CC 48               (       sizzle.asm):00153             lsla
60CD 2405             (       sizzle.asm):00154             bcc v0c
60CF                  (       sizzle.asm):00155         v0s
60CF B7FFC1           (       sizzle.asm):00156             sta $ffc1
60D2 2003             (       sizzle.asm):00157             bra do_vdg
60D4                  (       sizzle.asm):00158         v0c
60D4 B7FFC0           (       sizzle.asm):00159             sta $ffc0
                      (       sizzle.asm):00160         ; update VDG
60D7                  (       sizzle.asm):00161         do_vdg
60D7 B7FF22           (       sizzle.asm):00162             sta $ff22
                      (       sizzle.asm):00163         ; Switch display address to $e00    
60DA B7FFC7           (       sizzle.asm):00164             sta $ffc7
60DD B7FFCB           (       sizzle.asm):00165             sta $ffcb
60E0 39               (       sizzle.asm):00166             rts
                      (       sizzle.asm):00167         
60E1                  (       sizzle.asm):00168         go_view_all
60E1 7F6001           (       sizzle.asm):00169             clr toggle
60E4 736001           (       sizzle.asm):00170             com toggle
60E7                  (       sizzle.asm):00171         next_view
60E7 736001           (       sizzle.asm):00172             com toggle
60EA 8DB0             (       sizzle.asm):00173             bsr switch_to_menu_view   
                      (       sizzle.asm):00174         ; wait four video frames
60EC 13               (       sizzle.asm):00175             sync
60ED 12               (       sizzle.asm):00176             nop
60EE 13               (       sizzle.asm):00177             sync
60EF 12               (       sizzle.asm):00178             nop
60F0 13               (       sizzle.asm):00179             sync
60F1 12               (       sizzle.asm):00180             nop
60F2 13               (       sizzle.asm):00181             sync
60F3 12               (       sizzle.asm):00182             nop
60F4 13               (       sizzle.asm):00183             sync
60F5 12               (       sizzle.asm):00184             nop
60F6 13               (       sizzle.asm):00185             sync
60F7 12               (       sizzle.asm):00186             nop
60F8 13               (       sizzle.asm):00187             sync
60F9 12               (       sizzle.asm):00188             nop
60FA 13               (       sizzle.asm):00189             sync
60FB 12               (       sizzle.asm):00190             nop
60FC 13               (       sizzle.asm):00191             sync
60FD 12               (       sizzle.asm):00192             nop
60FE 13               (       sizzle.asm):00193             sync
60FF 12               (       sizzle.asm):00194             nop
6100 13               (       sizzle.asm):00195             sync
6101 12               (       sizzle.asm):00196             nop
6102 13               (       sizzle.asm):00197             sync
6103 12               (       sizzle.asm):00198             nop
6104 736001           (       sizzle.asm):00199             com toggle
6107 8DAA             (       sizzle.asm):00200             bsr switch_to_display_view
                      (       sizzle.asm):00201         ; wait four video frames
6109 13               (       sizzle.asm):00202             sync
610A 12               (       sizzle.asm):00203             nop
610B 13               (       sizzle.asm):00204             sync
610C 12               (       sizzle.asm):00205             nop
610D 13               (       sizzle.asm):00206             sync
610E 12               (       sizzle.asm):00207             nop
610F 13               (       sizzle.asm):00208             sync
6110 12               (       sizzle.asm):00209             nop
6111 13               (       sizzle.asm):00210             sync
6112 12               (       sizzle.asm):00211             nop
6113 13               (       sizzle.asm):00212             sync
6114 12               (       sizzle.asm):00213             nop
6115 13               (       sizzle.asm):00214             sync
6116 12               (       sizzle.asm):00215             nop
6117 13               (       sizzle.asm):00216             sync
6118 12               (       sizzle.asm):00217             nop
6119 13               (       sizzle.asm):00218             sync
611A 12               (       sizzle.asm):00219             nop
611B 13               (       sizzle.asm):00220             sync
611C 12               (       sizzle.asm):00221             nop
611D 13               (       sizzle.asm):00222             sync
611E 12               (       sizzle.asm):00223             nop
611F 13               (       sizzle.asm):00224             sync
6120 12               (       sizzle.asm):00225             nop
                      (       sizzle.asm):00226         ; check for key press
6121 AD9FA000         (       sizzle.asm):00227             jsr [POLCAT]
6125 2605             (       sizzle.asm):00228             bne finish
                      (       sizzle.asm):00229         ; incement same/vdg bits
6127 7C6000           (       sizzle.asm):00230             inc bits
612A 26BB             (       sizzle.asm):00231             bne next_view
612C                  (       sizzle.asm):00232         finish
612C 39               (       sizzle.asm):00233             rts
                      (       sizzle.asm):00234         
                      (       sizzle.asm):00235             end start
